
> illusion-cafe@0.1.0 build
> next build

node.exe : 
[baseline-browser-mapping] The 
data in this module is over two 
months old.  To ensure accurate 
Baseline data, please update: 
`npm i 
baseline-browser-mapping@latest 
-D`
At line:1 char:1
+ & "C:\Program 
Files\nodejs/node.exe" 
"C:\Program Files\nodejs/node_mo 
...
+ ~~~~~~~~~~~~~~~~~~~~~~~~~~~~~~~
~~~~~~~~~~~~~~~~~~~~~~~~~~~~~~~~~
~~~~~
    + CategoryInfo          :    
 NotSpecified: ([baseline-b    
rows...ping@latest -D`:Str    
ing) [], RemoteException
    + FullyQualifiedErrorId :    
 NativeCommandError
 
   Ôû▓ Next.js 16.0.1 (Turbopack)

   Creating an optimized production build ...
[baseline-browser-mapping] The 
data in this module is over two 
months old.  To ensure accurate 
Baseline data, please update: 
`npm i 
baseline-browser-mapping@latest 
-D`
 Ô£ô Compiled successfully in 2.4s
   Running TypeScript ...
Failed to compile.

./lib/supabase.ts:1:30
Type error: Cannot find module 
'@supabase/supabase-js' or its 
corresponding type declarations.

[0m[31m[1m>[22m[39m[90m 1 
|[39m [36mimport[39m { 
createClient } [36mfrom[39m [3
2m'@supabase/supabase-js'[39m[3
3m;[39m
 [90m   |[39m                  
            [31m[1m^[22m[39m
 [90m 2 |[39m
 [90m 3 |[39m [36mconst[39m 
supabaseUrl [33m=[39m process[
33m.[39menv[33m.[39m[33mNEXT_
PUBLIC_SUPABASE_URL[39m[33m![3
9m[33m;[39m
 [90m 4 |[39m [36mconst[39m 
supabaseAnonKey [33m=[39m proce
ss[33m.[39menv[33m.[39m[33mN
EXT_PUBLIC_SUPABASE_ANON_KEY[39m
[33m![39m[33m;[39m[0m
Next.js build worker exited with 
code: 1 and signal: null
